// Jest Snapshot v1, https://goo.gl/fbAQLP

exports[`renders Popover correctly 1`] = `
<div>
  <button
    class="edm-button edm-button-small edm-button-default edm-button-radius"
    role="button"
  >
    test
  </button>
</div>
`;
