// Jest Snapshot v1, https://goo.gl/fbAQLP

exports[`renders MessageBox correctly 1`] = `
<div
  class="TouchFeedback"
>
  <button
    class="edm-button edm-button-middle edm-button-default edm-button-radius"
    role="button"
  >
    MessageBox
  </button>
</div>
`;
